 = _index
 = _id
 = _version
 = _score
 = _source.agent.name
 = _source.agent.id
 = _source.manager.name
 = _source.data.file
 = _source.data.title
 = _source.rule.firedtimes
 = _source.rule.mail
 = _source.rule.level
 = _source.rule.pci_dss
 = _source.rule.description
 = _source.rule.groups
 = _source.rule.id
 = _source.rule.gdpr
 = _source.decoder.name
 = _source.full_log
 = _source.input.type
unix : Timestamp = _source.@timestamp
 = _source.location
 = _source.id
 = _source.timestamp
 = _source.rule.hipaa
 = _source.rule.tsc
 = _source.rule.nist_800_53
 = _source.rule.gpg13
 = _source.agent.ip
 = _source.data.extra_data
 = _source.decoder.parent
 = _source.data.audit.pid
 = _source.data.audit.id
 = _source.data.audit.type
 = _source.data.audit.command
 = _source.predecoder.hostname
 = _source.predecoder.program_name
 = _source.predecoder.timestamp
 = _source.data.uid
 = _source.data.dstuser
 = _source.rule.mitre.technique
 = _source.rule.mitre.id
 = _source.rule.mitre.tactic
 = _source.data.srcip
 = _source.data.srcport
 = _source.syscheck.uname_after
 = _source.syscheck.mtime_after
 = _source.syscheck.size_after
 = _source.syscheck.gid_after
 = _source.syscheck.mode
 = _source.syscheck.path
 = _source.syscheck.sha1_after
 = _source.syscheck.gname_after
 = _source.syscheck.uid_after
 = _source.syscheck.perm_after
 = _source.syscheck.event
 = _source.syscheck.md5_after
 = _source.syscheck.sha256_after
 = _source.syscheck.inode_after
 = _source.data.audit.uid
 = _source.data.audit.auid
 = _source.data.audit.exe
 = _source.data.audit.session
 = _source.data.dpkg_status
 = _source.data.package
 = _source.data.arch
 = _source.data.version
 = _source.previous_output
 = _source.previous_log
 = _source.data.sca.scan_id
 = _source.data.sca.check.result
 = _source.data.sca.check.remediation
 = _source.data.sca.check.references
 = _source.data.sca.check.compliance.pci_dss_v4.0
 = _source.data.sca.check.compliance.cis_csc_v8
 = _source.data.sca.check.compliance.soc_2
 = _source.data.sca.check.compliance.pci_dss_v3.2.1
 = _source.data.sca.check.compliance.hipaa
 = _source.data.sca.check.compliance.nist_sp_800-53
 = _source.data.sca.check.compliance.mitre_tactics
 = _source.data.sca.check.compliance.mitre_techniques
 = _source.data.sca.check.compliance.cis
 = _source.data.sca.check.compliance.cmmc_v2.0
 = _source.data.sca.check.compliance.cis_csc_v7
 = _source.data.sca.check.compliance.mitre_mitigations
 = _source.data.sca.check.description
 = _source.data.sca.check.id
 = _source.data.sca.check.title
 = _source.data.sca.check.rationale
 = _source.data.sca.check.command
 = _source.data.sca.type
 = _source.data.sca.policy
 = _source.rule.cis_csc_v8
 = _source.rule.nist_sp_800-53
 = _source.rule.mitre_tactics
 = _source.rule.mitre_techniques
 = _source.rule.cis
 = _source.rule.mitre_mitigations
 = _source.rule.soc_2
 = _source.rule.cis_csc_v7
 = _source.data.sca.check.file
 = _source.data.srcuser
 = _source.data.tty
 = _source.data.pwd
 = _source.data.command
 = _source.decoder.ftscomment
 = _source.data.sca.check.compliance.pci_dss_4.0
 = _source.data.sca.check.compliance.pci_dss_3.2.1
 = _source.data.sca.check.directory
 = _source.data.sca.score
 = _source.data.sca.total_checks
 = _source.data.sca.file
 = _source.data.sca.policy_id
 = _source.data.sca.invalid
 = _source.data.sca.description
 = _source.data.sca.passed
 = _source.data.sca.failed
 = _source.data.euid
 = _source.data.logname
 = _source.data.id
 = _source.data.level
 = _source.syscheck.size_before
 = _source.syscheck.md5_before
 = _source.syscheck.sha256_before
 = _source.syscheck.changed_attributes
 = _source.syscheck.sha1_before
 = _source.syscheck.mtime_before
 = _source.data.audit.res
 = _source.data.audit.list
 = _source.data.audit.key
 = _source.data.audit.syscall
 = _source.data.audit.gid
 = _source.data.audit.fsgid
 = _source.data.audit.suid
 = _source.data.audit.egid
 = _source.data.audit.file.inode
 = _source.data.audit.file.mode
 = _source.data.audit.file.name
 = _source.data.audit.sgid
 = _source.data.audit.execve.a1
 = _source.data.audit.execve.a0
 = _source.data.audit.euid
 = _source.data.audit.ppid
 = _source.data.audit.fsuid
 = _source.data.audit.exit
 = _source.data.audit.cwd
 = _source.data.audit.success
 = _source.data.audit.tty
 = _source.data.audit.arch
 = _source.data.audit.execve.a2
 = _source.data.audit.execve.a3
 = _source.data.audit.execve.a4
 = _source.data.audit.execve.a5
 = _source.data.audit.execve.a6
 = _source.data.audit.execve.a7
 = _source.data.gid
 = _source.data.shell
 = _source.data.home
 = _source.data.sca.check.reason
EOF
